// Jest Snapshot v1, https://goo.gl/fbAQLP

exports[` expect to return MenuPage Component 1`] = `
<styled.div>
  <Connect(Menu) />
</styled.div>
`;
